
> enhanceannowebsite6@1.0.0 build
> vite build

vite v7.1.2 building for production...
transforming...
[vite:css][postcss] @import must precede all other statements (besides @charset or empty @layer)
1716 |  
1717 |  /* This file now imports specialized component styles */
1718 |  @import 'sidebar.css';
     |  ^^^^^^^^^^^^^^^^^^^^^^
1719 |  @import 'form-elements.css';
1720 |  @import 'edge-list.css';
[vite:css][postcss] @import must precede all other statements (besides @charset or empty @layer)
1717 |  /* This file now imports specialized component styles */
1718 |  @import 'sidebar.css';
1719 |  @import 'form-elements.css';
     |  ^^^^^^^^^^^^^^^^^^^^^^^^^^^^
1720 |  @import 'edge-list.css';
1721 |  @import 'results-panel.css';
[vite:css][postcss] @import must precede all other statements (besides @charset or empty @layer)
1718 |  @import 'sidebar.css';
1719 |  @import 'form-elements.css';
1720 |  @import 'edge-list.css';
     |  ^^^^^^^^^^^^^^^^^^^^^^^^
1721 |  @import 'results-panel.css';
1722 |  
[vite:css][postcss] @import must precede all other statements (besides @charset or empty @layer)
1719 |  @import 'form-elements.css';
1720 |  @import 'edge-list.css';
1721 |  @import 'results-panel.css';
     |  ^^^^^^^^^^^^^^^^^^^^^^^^^^^^
1722 |  
1723 |  /* ========== Hint Boxes ========== */
✓ 84 modules transformed.
[plugin vite:reporter] 
(!) /Users/anno/Dev/hook-comms-testing/websitetest/enhanceannowebsite6/js/core/storage.js is dynamically imported by /Users/anno/Dev/hook-comms-testing/websitetest/enhanceannowebsite6/js/ui/saved-graphs.js but also statically imported by /Users/anno/Dev/hook-comms-testing/websitetest/enhanceannowebsite6/js/ui/saved-graphs.js, dynamic import will not move module into another chunk.

[plugin vite:reporter] 
(!) /Users/anno/Dev/hook-comms-testing/websitetest/enhanceannowebsite6/js/graph/model.js is dynamically imported by /Users/anno/Dev/hook-comms-testing/websitetest/enhanceannowebsite6/js/ui/saved-graphs.js, /Users/anno/Dev/hook-comms-testing/websitetest/enhanceannowebsite6/js/ui/saved-graphs.js but also statically imported by /Users/anno/Dev/hook-comms-testing/websitetest/enhanceannowebsite6/js/graph/sigma-controller.js, dynamic import will not move module into another chunk.

[plugin vite:reporter] 
(!) /Users/anno/Dev/hook-comms-testing/websitetest/enhanceannowebsite6/js/graph/sigma-adapter.js is dynamically imported by /Users/anno/Dev/hook-comms-testing/websitetest/enhanceannowebsite6/js/ui/saved-graphs.js, /Users/anno/Dev/hook-comms-testing/websitetest/enhanceannowebsite6/js/ui/saved-graphs.js, /Users/anno/Dev/hook-comms-testing/websitetest/enhanceannowebsite6/js/ui/visual-editor.js but also statically imported by /Users/anno/Dev/hook-comms-testing/websitetest/enhanceannowebsite6/js/graph/sigma-facade.js, /Users/anno/Dev/hook-comms-testing/websitetest/enhanceannowebsite6/js/main.js, /Users/anno/Dev/hook-comms-testing/websitetest/enhanceannowebsite6/js/ui/visual-editor.js, dynamic import will not move module into another chunk.

[plugin vite:reporter] 
(!) /Users/anno/Dev/hook-comms-testing/websitetest/enhanceannowebsite6/js/graph/sigma-controller.js is dynamically imported by /Users/anno/Dev/hook-comms-testing/websitetest/enhanceannowebsite6/js/ui/saved-graphs.js, /Users/anno/Dev/hook-comms-testing/websitetest/enhanceannowebsite6/js/ui/saved-graphs.js, /Users/anno/Dev/hook-comms-testing/websitetest/enhanceannowebsite6/js/ui/saved-graphs.js, /Users/anno/Dev/hook-comms-testing/websitetest/enhanceannowebsite6/js/ui/saved-graphs.js but also statically imported by /Users/anno/Dev/hook-comms-testing/websitetest/enhanceannowebsite6/js/main.js, /Users/anno/Dev/hook-comms-testing/websitetest/enhanceannowebsite6/js/ui/saved-graphs.js, /Users/anno/Dev/hook-comms-testing/websitetest/enhanceannowebsite6/js/ui/visual-editor.js, dynamic import will not move module into another chunk.

rendering chunks...
computing gzip size...
dist/index.html                       15.75 kB │ gzip:  3.70 kB
dist/assets/euler-face-C3KLdihC.jpg   38.37 kB
dist/assets/index-xPVAt4yl.css        78.23 kB │ gzip: 14.30 kB
dist/assets/index-DXUKJ-Ig.js        316.53 kB │ gzip: 83.74 kB │ map: 1,271.02 kB
✓ built in 2.86s
